<html>
<body>
<pre>
<h1>µVision Build Log</h1>
<h2>Tool Versions:</h2>
IDE-Version: µVision V5.43.1.0
Copyright (C) 2025 ARM Ltd and ARM Germany GmbH. All rights reserved.
License Information: Md Shamin Yasir Ovi, AIUB, LIC=----
 
Tool Versions:
Toolchain:       MDK-Lite  Version: 5.43.0.0
Toolchain Path:  C:\Users\shami\AppData\Local\Keil_v5\ARM\ARMCLANG\Bin
C Compiler:      ArmClang.exe V6.24
Assembler:       Armasm.exe V6.24
Linker/Locator:  ArmLink.exe V6.24
Library Manager: ArmAr.exe V6.24
Hex Converter:   FromElf.exe V6.24
CPU DLL:         SARMCM3.DLL V5.43.0.0
Dialog DLL:      DCM.DLL V1.17.5.0
Target DLL:      UL2CM3.DLL V1.164.16.0
Dialog DLL:      TCM.DLL V1.56.6.0
 
<h2>Project:</h2>
D:\spbstu.ru\Semesters\4thSem\MicroProcessor\lab1.1\MyTest\MyBlinky.uvprojx
Project File Date:  02/16/2026

<h2>Output:</h2>
*** Using Compiler 'V6.24', folder: 'C:\Users\shami\AppData\Local\Keil_v5\ARM\ARMCLANG\Bin'
Rebuild target 'MSBSTM32F200'
compiling BlinkyLed.c...
compiling stm32f2xx_hal_rcc.c...
compiling system_stm32f2xx.c...
assembling startup_stm32f207xx.s...
compiling stm32f2xx_hal_rcc_ex.c...
compiling stm32f2xx_hal.c...
compiling stm32f2xx_hal_cortex.c...
C:/Users/shami/AppData/Local/Arm/Packs/Keil/STM32F2xx_DFP/2.11.0/Drivers/STM32F2xx_HAL_Driver/Src/stm32f2xx_hal_gpio.c(320): warning: comparison of integers of different signs: 'uint32_t' (aka 'unsigned int') and 'int' [-Wsign-compare]
  320 |       if (tmp == (GPIO_GET_INDEX(GPIOx) << (4u * (position & 0x03u))))
      |           ~~~ ^   ~~~~~~~~~~~~~~~~~~~~~~~~~~~~~~~~~~~~~~~~~~~~~~~~~~
1 warning generated.
compiling stm32f2xx_hal_gpio.c...
linking...
Program Size: Code=1020 RO-data=404 RW-data=0 ZI-data=1632  
".\Objects\MyBlinky.axf" - 0 Error(s), 1 Warning(s).

<h2>Software Packages used:</h2>

Package Vendor: ARM
                https://www.keil.com/pack/ARM.CMSIS.6.2.0.pack
                ARM::CMSIS@6.2.0
                CMSIS (Common Microcontroller Software Interface Standard)
   * Component: CORE Version: 6.1.1

Package Vendor: Keil
                https://www.keil.com/pack/Keil.STM32F2xx_DFP.3.1.0.pack
                Keil::STM32F2xx_DFP@3.1.0
                STMicroelectronics STM32F2 Series Device Support

Package Vendor: Keil
                https://www.keil.com/pack/Keil.STM32F2xx_DFP.2.11.0.pack
                Keil::STM32F2xx_DFP@2.11.0
                STMicroelectronics STM32F2 Series Device Support, Drivers and Examples
   * Component: STM32Cube Framework Version: 1.0.0
   * Component: Classic Version: 1.2.8
   * Component: Common Version: 1.2.8
   * Component: Cortex Version: 1.2.8
   * Component: GPIO Version: 1.2.8
   * Component: RCC Version: 1.2.8
   * Component: Startup Version: 2.2.2

<h2>Collection of Component include folders:</h2>
  ./RTE/Device/STM32F207IGHx
  ./RTE/_MSBSTM32F200
  C:/Users/shami/AppData/Local/Arm/Packs/ARM/CMSIS/6.2.0/CMSIS/Core/Include
  C:/Users/shami/AppData/Local/Arm/Packs/Keil/STM32F2xx_DFP/2.11.0/Drivers/CMSIS/Device/ST/STM32F2xx/Include
  C:/Users/shami/AppData/Local/Arm/Packs/Keil/STM32F2xx_DFP/2.11.0/Drivers/STM32F2xx_HAL_Driver/Inc

<h2>Collection of Component Files used:</h2>

   * Component: ARM::CMSIS:CORE@6.1.1

   * Component: Device:STM32Cube Framework(API)@1.0.0

   * Component: Keil::Device:STM32Cube Framework:Classic@1.2.8
      Include file:  MDK/Templates/Inc/main.h
      Include file:  MDK/Templates_LL/Inc/main.h
      Source file:   MDK/Templates/Src/main.c
      Include file:  MDK/Templates/Inc/stm32f2xx_it.h
      Include file:  CMSIS/Driver/Config/RTE_Device.h
      Include file:  MDK/Templates/Inc/stm32f2xx_hal_conf.h
      Source file:   MDK/Templates/Src/stm32f2xx_it.c
      Source file:   MDK/Templates_LL/Src/main.c
      Source file:   MDK/Templates/Src/stm32f2xx_hal_msp.c

   * Component: Keil::Device:STM32Cube HAL:Common@1.2.8
      Include file:  Drivers/STM32F2xx_HAL_Driver/Inc/stm32f2xx_hal.h
      Source file:   Drivers/STM32F2xx_HAL_Driver/Src/stm32f2xx_hal.c

   * Component: Keil::Device:STM32Cube HAL:Cortex@1.2.8
      Source file:   Drivers/STM32F2xx_HAL_Driver/Src/stm32f2xx_hal_cortex.c

   * Component: Keil::Device:STM32Cube HAL:GPIO@1.2.8
      Source file:   Drivers/STM32F2xx_HAL_Driver/Src/stm32f2xx_hal_gpio.c

   * Component: Keil::Device:STM32Cube HAL:RCC@1.2.8
      Source file:   Drivers/STM32F2xx_HAL_Driver/Src/stm32f2xx_hal_rcc.c
      Source file:   Drivers/STM32F2xx_HAL_Driver/Src/stm32f2xx_hal_rcc_ex.c

   * Component: Keil::Device:Startup@2.2.2
      Source file:   MDK/Device/Source/ARM/STM32F2xx_OTP.s
      Include file:  Drivers/CMSIS/Device/ST/STM32F2xx/Include/stm32f2xx.h
      Source file:   Drivers/CMSIS/Device/ST/STM32F2xx/Source/Templates/arm/startup_stm32f207xx.s
      Source file:   MDK/Device/Source/ARM/STM32F2xx_OPT.s
      Source file:   Drivers/CMSIS/Device/ST/STM32F2xx/Source/Templates/system_stm32f2xx.c
Build Time Elapsed:  00:00:01
</pre>
</body>
</html>
